// Jest Snapshot v1, https://goo.gl/fbAQLP

exports[`Environment Should synth and match SnapShot 1`] = `
"{
  "data": {
    "aws_availability_zones": {
      "AvailabilityZones": {
        "provider": "aws"
      }
    },
    "aws_caller_identity": {
      "CallerIdentity": {
        "provider": "aws"
      }
    },
    "aws_partition": {
      "Partitition": {
        "provider": "aws"
      }
    }
  },
  "provider": {
    "aws": [
      {
        "region": "us-east-1"
      }
    ]
  },
  "resource": {
    "aws_default_route_table": {
      "network_DefaultRouteTable_7053E46A": {
        "default_route_table_id": "\${aws_vpc.network_39EEAA36.default_route_table_id}",
        "route": [
          {
            "cidr_block": "0.0.0.0/0",
            "core_network_arn": null,
            "destination_prefix_list_id": null,
            "egress_only_gateway_id": null,
            "gateway_id": "\${aws_internet_gateway.network_igw_5DF1EDA1.id}",
            "instance_id": null,
            "ipv6_cidr_block": null,
            "nat_gateway_id": null,
            "network_interface_id": null,
            "transit_gateway_id": null,
            "vpc_endpoint_id": null,
            "vpc_peering_connection_id": null
          }
        ],
        "tags": {
          "Name": "Test-network-default-route-table",
          "grid:EnvironmentName": "Test",
          "grid:UUID": "123e4567-e89b-12d3"
        }
      }
    },
    "aws_eip": {
      "network_PublicSubnet0_Eip_7B2FE34D": {
        "domain": "vpc",
        "tags": {
          "Name": "Test-network-public-subnet-\${element(data.aws_availability_zones.AvailabilityZones.names, 0)}-nat-gateway",
          "grid:EnvironmentName": "Test",
          "grid:UUID": "123e4567-e89b-12d3"
        }
      },
      "network_PublicSubnet1_Eip_47D86D3A": {
        "domain": "vpc",
        "tags": {
          "Name": "Test-network-public-subnet-\${element(data.aws_availability_zones.AvailabilityZones.names, 1)}-nat-gateway",
          "grid:EnvironmentName": "Test",
          "grid:UUID": "123e4567-e89b-12d3"
        }
      }
    },
    "aws_internet_gateway": {
      "network_igw_5DF1EDA1": {
        "tags": {
          "Name": "Test-network-igw",
          "grid:EnvironmentName": "Test",
          "grid:UUID": "123e4567-e89b-12d3"
        },
        "vpc_id": "\${aws_vpc.network_39EEAA36.id}"
      }
    },
    "aws_nat_gateway": {
      "network_PublicSubnet0_NatGateway_CEADEB3D": {
        "allocation_id": "\${aws_eip.network_PublicSubnet0_Eip_7B2FE34D.id}",
        "subnet_id": "\${aws_subnet.network_PublicSubnet0_118EDD7D.id}",
        "tags": {
          "Name": "Test-network-public-subnet-\${element(data.aws_availability_zones.AvailabilityZones.names, 0)}-nat-gateway",
          "grid:EnvironmentName": "Test",
          "grid:UUID": "123e4567-e89b-12d3"
        }
      },
      "network_PublicSubnet1_NatGateway_159BCDA9": {
        "allocation_id": "\${aws_eip.network_PublicSubnet1_Eip_47D86D3A.id}",
        "subnet_id": "\${aws_subnet.network_PublicSubnet1_759DE9E6.id}",
        "tags": {
          "Name": "Test-network-public-subnet-\${element(data.aws_availability_zones.AvailabilityZones.names, 1)}-nat-gateway",
          "grid:EnvironmentName": "Test",
          "grid:UUID": "123e4567-e89b-12d3"
        }
      }
    },
    "aws_route_table": {
      "network_PrivateRouteTable0_28BA0DBE": {
        "route": [
          {
            "carrier_gateway_id": null,
            "cidr_block": "0.0.0.0/0",
            "core_network_arn": null,
            "destination_prefix_list_id": null,
            "egress_only_gateway_id": null,
            "gateway_id": null,
            "ipv6_cidr_block": null,
            "local_gateway_id": null,
            "nat_gateway_id": "\${aws_nat_gateway.network_PublicSubnet0_NatGateway_CEADEB3D.id}",
            "network_interface_id": null,
            "transit_gateway_id": null,
            "vpc_endpoint_id": null,
            "vpc_peering_connection_id": null
          }
        ],
        "tags": {
          "Name": "Test-network-private-route-table-\${element(data.aws_availability_zones.AvailabilityZones.names, 0)}",
          "aws-cdk:subnet-name": "Public",
          "aws-cdk:subnet-type": "Public",
          "grid:EnvironmentName": "Test",
          "grid:UUID": "123e4567-e89b-12d3",
          "kubernetes.io/role/elb": "1"
        },
        "vpc_id": "\${aws_vpc.network_39EEAA36.id}"
      },
      "network_PrivateRouteTable1_163E06E8": {
        "route": [
          {
            "carrier_gateway_id": null,
            "cidr_block": "0.0.0.0/0",
            "core_network_arn": null,
            "destination_prefix_list_id": null,
            "egress_only_gateway_id": null,
            "gateway_id": null,
            "ipv6_cidr_block": null,
            "local_gateway_id": null,
            "nat_gateway_id": "\${aws_nat_gateway.network_PublicSubnet1_NatGateway_159BCDA9.id}",
            "network_interface_id": null,
            "transit_gateway_id": null,
            "vpc_endpoint_id": null,
            "vpc_peering_connection_id": null
          }
        ],
        "tags": {
          "Name": "Test-network-private-route-table-\${element(data.aws_availability_zones.AvailabilityZones.names, 1)}",
          "aws-cdk:subnet-name": "Public",
          "aws-cdk:subnet-type": "Public",
          "grid:EnvironmentName": "Test",
          "grid:UUID": "123e4567-e89b-12d3",
          "kubernetes.io/role/elb": "1"
        },
        "vpc_id": "\${aws_vpc.network_39EEAA36.id}"
      }
    },
    "aws_route_table_association": {
      "network_DataSubnet0_RouteTableAssociation_25025986": {
        "route_table_id": "\${aws_route_table.network_PrivateRouteTable0_28BA0DBE.id}",
        "subnet_id": "\${aws_subnet.network_DataSubnet0_26F830AE.id}"
      },
      "network_DataSubnet1_RouteTableAssociation_23B57B58": {
        "route_table_id": "\${aws_route_table.network_PrivateRouteTable1_163E06E8.id}",
        "subnet_id": "\${aws_subnet.network_DataSubnet1_0A85069C.id}"
      },
      "network_PrivateSubnet0_RouteTableAssociation_56D48E4C": {
        "route_table_id": "\${aws_route_table.network_PrivateRouteTable0_28BA0DBE.id}",
        "subnet_id": "\${aws_subnet.network_PrivateSubnet0_4BC47064.id}"
      },
      "network_PrivateSubnet1_RouteTableAssociation_8A034792": {
        "route_table_id": "\${aws_route_table.network_PrivateRouteTable1_163E06E8.id}",
        "subnet_id": "\${aws_subnet.network_PrivateSubnet1_EEFFD3F4.id}"
      }
    },
    "aws_service_discovery_private_dns_namespace": {
      "network_ServiceDiscoveryNamespace_B9CE35BD": {
        "description": "Private DNS namespace for Test-network",
        "name": "example.local",
        "tags": {
          "Name": "Test-network-service-discovery-namespace",
          "grid:EnvironmentName": "Test",
          "grid:UUID": "123e4567-e89b-12d3"
        },
        "vpc": "\${aws_vpc.network_39EEAA36.id}"
      }
    },
    "aws_subnet": {
      "network_DataSubnet0_26F830AE": {
        "availability_zone": "\${element(data.aws_availability_zones.AvailabilityZones.names, 0)}",
        "cidr_block": "\${cidrsubnet(cidrsubnet(\\"10.0.0.0/16\\", 2, 2), 2, 0)}",
        "map_public_ip_on_launch": false,
        "tags": {
          "Name": "Test-network-data-subnet-\${element(data.aws_availability_zones.AvailabilityZones.names, 0)}",
          "aws-cdk:subnet-name": "Data",
          "aws-cdk:subnet-type": "Isolated",
          "grid:EnvironmentName": "Test",
          "grid:UUID": "123e4567-e89b-12d3"
        },
        "vpc_id": "\${aws_vpc.network_39EEAA36.id}"
      },
      "network_DataSubnet1_0A85069C": {
        "availability_zone": "\${element(data.aws_availability_zones.AvailabilityZones.names, 1)}",
        "cidr_block": "\${cidrsubnet(cidrsubnet(\\"10.0.0.0/16\\", 2, 2), 2, 1)}",
        "map_public_ip_on_launch": false,
        "tags": {
          "Name": "Test-network-data-subnet-\${element(data.aws_availability_zones.AvailabilityZones.names, 1)}",
          "aws-cdk:subnet-name": "Data",
          "aws-cdk:subnet-type": "Isolated",
          "grid:EnvironmentName": "Test",
          "grid:UUID": "123e4567-e89b-12d3"
        },
        "vpc_id": "\${aws_vpc.network_39EEAA36.id}"
      },
      "network_PrivateSubnet0_4BC47064": {
        "availability_zone": "\${element(data.aws_availability_zones.AvailabilityZones.names, 0)}",
        "cidr_block": "\${cidrsubnet(cidrsubnet(\\"10.0.0.0/16\\", 2, 1), 2, 0)}",
        "map_public_ip_on_launch": false,
        "tags": {
          "Name": "Test-network-private-subnet-\${element(data.aws_availability_zones.AvailabilityZones.names, 0)}",
          "aws-cdk:subnet-name": "Private",
          "aws-cdk:subnet-type": "Private",
          "grid:EnvironmentName": "Test",
          "grid:UUID": "123e4567-e89b-12d3",
          "kubernetes.io/role/internal-elb": "1"
        },
        "vpc_id": "\${aws_vpc.network_39EEAA36.id}"
      },
      "network_PrivateSubnet1_EEFFD3F4": {
        "availability_zone": "\${element(data.aws_availability_zones.AvailabilityZones.names, 1)}",
        "cidr_block": "\${cidrsubnet(cidrsubnet(\\"10.0.0.0/16\\", 2, 1), 2, 1)}",
        "map_public_ip_on_launch": false,
        "tags": {
          "Name": "Test-network-private-subnet-\${element(data.aws_availability_zones.AvailabilityZones.names, 1)}",
          "aws-cdk:subnet-name": "Private",
          "aws-cdk:subnet-type": "Private",
          "grid:EnvironmentName": "Test",
          "grid:UUID": "123e4567-e89b-12d3",
          "kubernetes.io/role/internal-elb": "1"
        },
        "vpc_id": "\${aws_vpc.network_39EEAA36.id}"
      },
      "network_PublicSubnet0_118EDD7D": {
        "availability_zone": "\${element(data.aws_availability_zones.AvailabilityZones.names, 0)}",
        "cidr_block": "\${cidrsubnet(cidrsubnet(\\"10.0.0.0/16\\", 2, 0), 2, 0)}",
        "map_public_ip_on_launch": true,
        "tags": {
          "Name": "Test-network-public-subnet-\${element(data.aws_availability_zones.AvailabilityZones.names, 0)}",
          "grid:EnvironmentName": "Test",
          "grid:UUID": "123e4567-e89b-12d3"
        },
        "vpc_id": "\${aws_vpc.network_39EEAA36.id}"
      },
      "network_PublicSubnet1_759DE9E6": {
        "availability_zone": "\${element(data.aws_availability_zones.AvailabilityZones.names, 1)}",
        "cidr_block": "\${cidrsubnet(cidrsubnet(\\"10.0.0.0/16\\", 2, 0), 2, 1)}",
        "map_public_ip_on_launch": true,
        "tags": {
          "Name": "Test-network-public-subnet-\${element(data.aws_availability_zones.AvailabilityZones.names, 1)}",
          "grid:EnvironmentName": "Test",
          "grid:UUID": "123e4567-e89b-12d3"
        },
        "vpc_id": "\${aws_vpc.network_39EEAA36.id}"
      }
    },
    "aws_vpc": {
      "network_39EEAA36": {
        "cidr_block": "10.0.0.0/16",
        "enable_dns_hostnames": true,
        "enable_dns_support": true,
        "tags": {
          "Name": "Test-network",
          "grid:EnvironmentName": "Test",
          "grid:UUID": "123e4567-e89b-12d3"
        }
      }
    }
  },
  "terraform": {
    "required_providers": {
      "aws": {
        "source": "aws",
        "version": "5.100.0"
      }
    }
  }
}"
`;
