// Jest Snapshot v1, https://goo.gl/fbAQLP

exports[`esbuild bundling with esbuild options 1`] = `
""use strict";
(() => {
  // test/aws/compute/function-nodejs/handlers/define.ts
  function handler() {
    return [
      "VALUE",
      true,
      7777,
      'this is a "test"'
    ];
  }
})();
"
`;
